[debug] [2026-06-01T08:20:14.181Z] ----------------------------------------------------------------------
[debug] [2026-06-01T08:20:14.190Z] Command:       C:\Program Files\nodejs\node.exe C:\Users\user\AppData\Roaming\npm\node_modules\firebase-tools\lib\bin\firebase.js deploy --only functions
[debug] [2026-06-01T08:20:14.190Z] CLI Version:   15.19.0
[debug] [2026-06-01T08:20:14.190Z] Platform:      win32
[debug] [2026-06-01T08:20:14.191Z] Node Version:  v24.16.0
[debug] [2026-06-01T08:20:14.191Z] Time:          Mon Jun 01 2026 17:20:14 GMT+0900 (한국 표준시)
[debug] [2026-06-01T08:20:14.191Z] ----------------------------------------------------------------------
[debug] 
[debug] [2026-06-01T08:20:19.157Z] > command requires scopes: ["email","openid","https://www.googleapis.com/auth/cloudplatformprojects.readonly","https://www.googleapis.com/auth/firebase","https://www.googleapis.com/auth/cloud-platform"]
[debug] [2026-06-01T08:20:19.158Z] > authorizing via signed-in user (a01088334031@gmail.com)
[debug] [2026-06-01T08:20:19.158Z] [iam] checking project god-of-upgrade for permissions ["cloudfunctions.functions.create","cloudfunctions.functions.delete","cloudfunctions.functions.get","cloudfunctions.functions.list","cloudfunctions.functions.update","cloudfunctions.operations.get","firebase.projects.get"]
[debug] [2026-06-01T08:20:19.160Z] Checked if tokens are valid: true, expires at: 1780304924614
[debug] [2026-06-01T08:20:19.160Z] Checked if tokens are valid: true, expires at: 1780304924614
[debug] [2026-06-01T08:20:19.161Z] >>> [apiv2][query] POST https://cloudresourcemanager.googleapis.com/v1/projects/god-of-upgrade:testIamPermissions [none]
[debug] [2026-06-01T08:20:19.161Z] >>> [apiv2][(partial)header] POST https://cloudresourcemanager.googleapis.com/v1/projects/god-of-upgrade:testIamPermissions  x-goog-user-project=god-of-upgrade
[debug] [2026-06-01T08:20:19.162Z] >>> [apiv2][body] POST https://cloudresourcemanager.googleapis.com/v1/projects/god-of-upgrade:testIamPermissions {"permissions":["cloudfunctions.functions.create","cloudfunctions.functions.delete","cloudfunctions.functions.get","cloudfunctions.functions.list","cloudfunctions.functions.update","cloudfunctions.operations.get","firebase.projects.get"]}
[debug] [2026-06-01T08:20:20.274Z] <<< [apiv2][status] POST https://cloudresourcemanager.googleapis.com/v1/projects/god-of-upgrade:testIamPermissions 200
[debug] [2026-06-01T08:20:20.274Z] <<< [apiv2][body] POST https://cloudresourcemanager.googleapis.com/v1/projects/god-of-upgrade:testIamPermissions {"permissions":["cloudfunctions.functions.create","cloudfunctions.functions.delete","cloudfunctions.functions.get","cloudfunctions.functions.list","cloudfunctions.functions.update","cloudfunctions.operations.get","firebase.projects.get"]}
[debug] [2026-06-01T08:20:20.274Z] Checked if tokens are valid: true, expires at: 1780304924614
[debug] [2026-06-01T08:20:20.274Z] Checked if tokens are valid: true, expires at: 1780304924614
[debug] [2026-06-01T08:20:20.275Z] >>> [apiv2][query] POST https://iam.googleapis.com/v1/projects/god-of-upgrade/serviceAccounts/god-of-upgrade@appspot.gserviceaccount.com:testIamPermissions [none]
[debug] [2026-06-01T08:20:20.275Z] >>> [apiv2][body] POST https://iam.googleapis.com/v1/projects/god-of-upgrade/serviceAccounts/god-of-upgrade@appspot.gserviceaccount.com:testIamPermissions {"permissions":["iam.serviceAccounts.actAs"]}
[debug] [2026-06-01T08:20:21.670Z] <<< [apiv2][status] POST https://iam.googleapis.com/v1/projects/god-of-upgrade/serviceAccounts/god-of-upgrade@appspot.gserviceaccount.com:testIamPermissions 200
[debug] [2026-06-01T08:20:21.671Z] <<< [apiv2][body] POST https://iam.googleapis.com/v1/projects/god-of-upgrade/serviceAccounts/god-of-upgrade@appspot.gserviceaccount.com:testIamPermissions {"permissions":["iam.serviceAccounts.actAs"]}
[info] 
[info] === Deploying to 'god-of-upgrade'...
[info] 
[info] i  deploying functions 
[debug] [2026-06-01T08:20:21.674Z] Checked if tokens are valid: true, expires at: 1780304924614
[debug] [2026-06-01T08:20:21.675Z] Checked if tokens are valid: true, expires at: 1780304924614
[debug] [2026-06-01T08:20:21.675Z] >>> [apiv2][query] GET https://cloudresourcemanager.googleapis.com/v1/projects/god-of-upgrade [none]
[debug] [2026-06-01T08:20:21.935Z] <<< [apiv2][status] GET https://cloudresourcemanager.googleapis.com/v1/projects/god-of-upgrade 200
[debug] [2026-06-01T08:20:21.935Z] <<< [apiv2][body] GET https://cloudresourcemanager.googleapis.com/v1/projects/god-of-upgrade {"projectNumber":"710419981185","projectId":"god-of-upgrade","lifecycleState":"ACTIVE","name":"GOD OF UPGRADE","labels":{"firebase":"enabled","firebase-core":"disabled"},"createTime":"2026-05-31T14:47:12.953Z"}
[info] i  functions: preparing codebase default for deployment 
[info] i  functions: ensuring required API cloudfunctions.googleapis.com is enabled... 
[info] i  functions: ensuring required API cloudbuild.googleapis.com is enabled... 
[debug] [2026-06-01T08:20:21.939Z] Checked if tokens are valid: true, expires at: 1780304924614
[debug] [2026-06-01T08:20:21.939Z] Checked if tokens are valid: true, expires at: 1780304924614
[info] i  artifactregistry: ensuring required API artifactregistry.googleapis.com is enabled... 
[debug] [2026-06-01T08:20:21.940Z] Checked if tokens are valid: true, expires at: 1780304924614
[debug] [2026-06-01T08:20:21.940Z] Checked if tokens are valid: true, expires at: 1780304924614
[debug] [2026-06-01T08:20:21.940Z] >>> [apiv2][query] GET https://serviceusage.googleapis.com/v1/projects/god-of-upgrade/services/cloudbuild.googleapis.com [none]
[debug] [2026-06-01T08:20:21.940Z] >>> [apiv2][(partial)header] GET https://serviceusage.googleapis.com/v1/projects/god-of-upgrade/services/cloudbuild.googleapis.com  x-goog-user-project=god-of-upgrade
[debug] [2026-06-01T08:20:21.941Z] >>> [apiv2][query] GET https://serviceusage.googleapis.com/v1/projects/god-of-upgrade/services/artifactregistry.googleapis.com [none]
[debug] [2026-06-01T08:20:21.941Z] >>> [apiv2][(partial)header] GET https://serviceusage.googleapis.com/v1/projects/god-of-upgrade/services/artifactregistry.googleapis.com  x-goog-user-project=god-of-upgrade
[debug] [2026-06-01T08:20:22.693Z] <<< [apiv2][status] GET https://serviceusage.googleapis.com/v1/projects/god-of-upgrade/services/cloudbuild.googleapis.com 200
[debug] [2026-06-01T08:20:22.693Z] <<< [apiv2][body] GET https://serviceusage.googleapis.com/v1/projects/god-of-upgrade/services/cloudbuild.googleapis.com [omitted]
[warn] !  functions: missing required API cloudbuild.googleapis.com. Enabling now... 
[debug] [2026-06-01T08:20:22.694Z] Checked if tokens are valid: true, expires at: 1780304924614
[debug] [2026-06-01T08:20:22.694Z] Checked if tokens are valid: true, expires at: 1780304924614
[debug] [2026-06-01T08:20:22.694Z] >>> [apiv2][query] POST https://serviceusage.googleapis.com/v1/projects/god-of-upgrade/services/cloudbuild.googleapis.com:enable [none]
[debug] [2026-06-01T08:20:22.694Z] >>> [apiv2][(partial)header] POST https://serviceusage.googleapis.com/v1/projects/god-of-upgrade/services/cloudbuild.googleapis.com:enable  x-goog-user-project=god-of-upgrade
[debug] [2026-06-01T08:20:23.430Z] <<< [apiv2][status] GET https://serviceusage.googleapis.com/v1/projects/god-of-upgrade/services/artifactregistry.googleapis.com 200
[debug] [2026-06-01T08:20:23.430Z] <<< [apiv2][body] GET https://serviceusage.googleapis.com/v1/projects/god-of-upgrade/services/artifactregistry.googleapis.com [omitted]
[warn] !  artifactregistry: missing required API artifactregistry.googleapis.com. Enabling now... 
[debug] [2026-06-01T08:20:23.431Z] Checked if tokens are valid: true, expires at: 1780304924614
[debug] [2026-06-01T08:20:23.431Z] Checked if tokens are valid: true, expires at: 1780304924614
[debug] [2026-06-01T08:20:23.431Z] >>> [apiv2][query] POST https://serviceusage.googleapis.com/v1/projects/god-of-upgrade/services/artifactregistry.googleapis.com:enable [none]
[debug] [2026-06-01T08:20:23.431Z] >>> [apiv2][(partial)header] POST https://serviceusage.googleapis.com/v1/projects/god-of-upgrade/services/artifactregistry.googleapis.com:enable  x-goog-user-project=god-of-upgrade
[debug] [2026-06-01T08:20:23.664Z] <<< [apiv2][status] POST https://serviceusage.googleapis.com/v1/projects/god-of-upgrade/services/cloudbuild.googleapis.com:enable 200
[debug] [2026-06-01T08:20:23.665Z] <<< [apiv2][body] POST https://serviceusage.googleapis.com/v1/projects/god-of-upgrade/services/cloudbuild.googleapis.com:enable [omitted]
[debug] [2026-06-01T08:20:24.683Z] <<< [apiv2][status] POST https://serviceusage.googleapis.com/v1/projects/god-of-upgrade/services/artifactregistry.googleapis.com:enable 200
[debug] [2026-06-01T08:20:24.683Z] <<< [apiv2][body] POST https://serviceusage.googleapis.com/v1/projects/god-of-upgrade/services/artifactregistry.googleapis.com:enable [omitted]
[debug] [2026-06-01T08:20:34.695Z] Checked if tokens are valid: true, expires at: 1780304924614
[debug] [2026-06-01T08:20:34.696Z] Checked if tokens are valid: true, expires at: 1780304924614
[debug] [2026-06-01T08:20:34.696Z] >>> [apiv2][query] GET https://firebase.googleapis.com/v1beta1/projects/god-of-upgrade/adminSdkConfig [none]
[debug] [2026-06-01T08:20:35.480Z] <<< [apiv2][status] GET https://firebase.googleapis.com/v1beta1/projects/god-of-upgrade/adminSdkConfig 200
[debug] [2026-06-01T08:20:35.480Z] <<< [apiv2][body] GET https://firebase.googleapis.com/v1beta1/projects/god-of-upgrade/adminSdkConfig {"projectId":"god-of-upgrade","storageBucket":"god-of-upgrade.firebasestorage.app"}
[debug] [2026-06-01T08:20:35.482Z] Validating nodejs source
[debug] [2026-06-01T08:20:37.659Z] > [functions] package.json contents: {
  "name": "functions",
  "description": "Cloud Functions for Firebase",
  "scripts": {
    "serve": "firebase emulators:start --only functions",
    "shell": "firebase functions:shell",
    "start": "npm run shell",
    "deploy": "firebase deploy --only functions",
    "logs": "firebase functions:log"
  },
  "engines": {
    "node": "24"
  },
  "main": "index.js",
  "dependencies": {
    "firebase-admin": "^13.6.0",
    "firebase-functions": "^7.0.0"
  },
  "devDependencies": {
    "firebase-functions-test": "^3.4.1"
  },
  "private": true
}
[debug] [2026-06-01T08:20:37.660Z] Building nodejs source
[info] i  functions: Loading and analyzing source code for codebase default to determine what to deploy 
[debug] [2026-06-01T08:20:37.661Z] Could not find functions.yaml. Must use http discovery
[debug] [2026-06-01T08:20:37.674Z] Found firebase-functions binary at 'C:\Users\user\Desktop\god of upgrade\functions\node_modules\.bin\firebase-functions'
[info] Serving at port 8065

[debug] [2026-06-01T08:20:39.562Z] Got response from /__/functions.yaml {"endpoints":{"claimGOU":{"availableMemoryMb":null,"timeoutSeconds":null,"minInstances":null,"maxInstances":null,"ingressSettings":null,"concurrency":null,"serviceAccountEmail":null,"vpc":null,"platform":"gcfv2","labels":{},"callableTrigger":{},"entryPoint":"claimGOU"}},"specVersion":"v1alpha1","requiredAPIs":[],"extensions":{}}
[debug] [2026-06-01T08:20:43.615Z] Checked if tokens are valid: true, expires at: 1780304924614
[debug] [2026-06-01T08:20:43.616Z] Checked if tokens are valid: true, expires at: 1780304924614
[debug] [2026-06-01T08:20:43.616Z] >>> [apiv2][query] GET https://cloudfunctions.googleapis.com/v1/projects/god-of-upgrade/locations/-/functions [none]
[debug] [2026-06-01T08:20:44.892Z] <<< [apiv2][status] GET https://cloudfunctions.googleapis.com/v1/projects/god-of-upgrade/locations/-/functions 200
[debug] [2026-06-01T08:20:44.892Z] <<< [apiv2][body] GET https://cloudfunctions.googleapis.com/v1/projects/god-of-upgrade/locations/-/functions {}
[debug] [2026-06-01T08:20:44.893Z] Checked if tokens are valid: true, expires at: 1780304924614
[debug] [2026-06-01T08:20:44.893Z] Checked if tokens are valid: true, expires at: 1780304924614
[debug] [2026-06-01T08:20:44.893Z] >>> [apiv2][query] GET https://cloudfunctions.googleapis.com/v2/projects/god-of-upgrade/locations/-/functions filter=environment%3D%22GEN_2%22
[debug] [2026-06-01T08:20:46.342Z] <<< [apiv2][status] GET https://cloudfunctions.googleapis.com/v2/projects/god-of-upgrade/locations/-/functions 200
[debug] [2026-06-01T08:20:46.342Z] <<< [apiv2][body] GET https://cloudfunctions.googleapis.com/v2/projects/god-of-upgrade/locations/-/functions {}
[info] i  extensions: ensuring required API firebaseextensions.googleapis.com is enabled... 
[debug] [2026-06-01T08:20:46.343Z] Checked if tokens are valid: true, expires at: 1780304924614
[debug] [2026-06-01T08:20:46.344Z] Checked if tokens are valid: true, expires at: 1780304924614
[debug] [2026-06-01T08:20:46.344Z] >>> [apiv2][query] GET https://serviceusage.googleapis.com/v1/projects/god-of-upgrade/services/firebaseextensions.googleapis.com [none]
[debug] [2026-06-01T08:20:46.344Z] >>> [apiv2][(partial)header] GET https://serviceusage.googleapis.com/v1/projects/god-of-upgrade/services/firebaseextensions.googleapis.com  x-goog-user-project=god-of-upgrade
[debug] [2026-06-01T08:20:47.844Z] <<< [apiv2][status] GET https://serviceusage.googleapis.com/v1/projects/god-of-upgrade/services/firebaseextensions.googleapis.com 200
[debug] [2026-06-01T08:20:47.844Z] <<< [apiv2][body] GET https://serviceusage.googleapis.com/v1/projects/god-of-upgrade/services/firebaseextensions.googleapis.com [omitted]
[warn] !  extensions: missing required API firebaseextensions.googleapis.com. Enabling now... 
[debug] [2026-06-01T08:20:47.844Z] Checked if tokens are valid: true, expires at: 1780304924614
[debug] [2026-06-01T08:20:47.844Z] Checked if tokens are valid: true, expires at: 1780304924614
[debug] [2026-06-01T08:20:47.845Z] >>> [apiv2][query] POST https://serviceusage.googleapis.com/v1/projects/god-of-upgrade/services/firebaseextensions.googleapis.com:enable [none]
[debug] [2026-06-01T08:20:47.845Z] >>> [apiv2][(partial)header] POST https://serviceusage.googleapis.com/v1/projects/god-of-upgrade/services/firebaseextensions.googleapis.com:enable  x-goog-user-project=god-of-upgrade
[debug] [2026-06-01T08:20:49.156Z] <<< [apiv2][status] POST https://serviceusage.googleapis.com/v1/projects/god-of-upgrade/services/firebaseextensions.googleapis.com:enable 200
[debug] [2026-06-01T08:20:49.156Z] <<< [apiv2][body] POST https://serviceusage.googleapis.com/v1/projects/god-of-upgrade/services/firebaseextensions.googleapis.com:enable [omitted]
[debug] [2026-06-01T08:20:59.172Z] > command requires scopes: ["email","openid","https://www.googleapis.com/auth/cloudplatformprojects.readonly","https://www.googleapis.com/auth/firebase","https://www.googleapis.com/auth/cloud-platform"]
[debug] [2026-06-01T08:20:59.172Z] > authorizing via signed-in user (a01088334031@gmail.com)
[debug] [2026-06-01T08:20:59.172Z] [iam] checking project god-of-upgrade for permissions ["firebase.projects.get","firebaseextensions.instances.list"]
[debug] [2026-06-01T08:20:59.172Z] Checked if tokens are valid: true, expires at: 1780304924614
[debug] [2026-06-01T08:20:59.172Z] Checked if tokens are valid: true, expires at: 1780304924614
[debug] [2026-06-01T08:20:59.172Z] >>> [apiv2][query] POST https://cloudresourcemanager.googleapis.com/v1/projects/god-of-upgrade:testIamPermissions [none]
[debug] [2026-06-01T08:20:59.172Z] >>> [apiv2][(partial)header] POST https://cloudresourcemanager.googleapis.com/v1/projects/god-of-upgrade:testIamPermissions  x-goog-user-project=god-of-upgrade
[debug] [2026-06-01T08:20:59.172Z] >>> [apiv2][body] POST https://cloudresourcemanager.googleapis.com/v1/projects/god-of-upgrade:testIamPermissions {"permissions":["firebase.projects.get","firebaseextensions.instances.list"]}
[debug] [2026-06-01T08:20:59.732Z] <<< [apiv2][status] POST https://cloudresourcemanager.googleapis.com/v1/projects/god-of-upgrade:testIamPermissions 200
[debug] [2026-06-01T08:20:59.733Z] <<< [apiv2][body] POST https://cloudresourcemanager.googleapis.com/v1/projects/god-of-upgrade:testIamPermissions {"permissions":["firebase.projects.get","firebaseextensions.instances.list"]}
[debug] [2026-06-01T08:20:59.733Z] Checked if tokens are valid: true, expires at: 1780304924614
[debug] [2026-06-01T08:20:59.733Z] Checked if tokens are valid: true, expires at: 1780304924614
[debug] [2026-06-01T08:20:59.733Z] >>> [apiv2][query] GET https://firebaseextensions.googleapis.com/v1beta/projects/god-of-upgrade/instances pageSize=100&pageToken=
[debug] [2026-06-01T08:21:02.194Z] <<< [apiv2][status] GET https://firebaseextensions.googleapis.com/v1beta/projects/god-of-upgrade/instances 200
[debug] [2026-06-01T08:21:02.194Z] <<< [apiv2][body] GET https://firebaseextensions.googleapis.com/v1beta/projects/god-of-upgrade/instances {}
[info] i  functions: preparing functions directory for uploading... 
[info] i  functions: packaged C:\Users\user\Desktop\god of upgrade\functions (71.78 KB) for uploading 
[info] i  functions: ensuring required API run.googleapis.com is enabled... 
[debug] [2026-06-01T08:21:02.250Z] Checked if tokens are valid: true, expires at: 1780304924614
[debug] [2026-06-01T08:21:02.250Z] Checked if tokens are valid: true, expires at: 1780304924614
[info] i  functions: ensuring required API eventarc.googleapis.com is enabled... 
[debug] [2026-06-01T08:21:02.254Z] Checked if tokens are valid: true, expires at: 1780304924614
[debug] [2026-06-01T08:21:02.255Z] Checked if tokens are valid: true, expires at: 1780304924614
[info] i  functions: ensuring required API pubsub.googleapis.com is enabled... 
[debug] [2026-06-01T08:21:02.256Z] Checked if tokens are valid: true, expires at: 1780304924614
[debug] [2026-06-01T08:21:02.256Z] Checked if tokens are valid: true, expires at: 1780304924614
[info] i  functions: ensuring required API storage.googleapis.com is enabled... 
[debug] [2026-06-01T08:21:02.258Z] Checked if tokens are valid: true, expires at: 1780304924614
[debug] [2026-06-01T08:21:02.258Z] Checked if tokens are valid: true, expires at: 1780304924614
[debug] [2026-06-01T08:21:02.258Z] >>> [apiv2][query] GET https://serviceusage.googleapis.com/v1/projects/710419981185/services/run.googleapis.com [none]
[debug] [2026-06-01T08:21:02.258Z] >>> [apiv2][(partial)header] GET https://serviceusage.googleapis.com/v1/projects/710419981185/services/run.googleapis.com  x-goog-user-project=710419981185
[debug] [2026-06-01T08:21:02.259Z] >>> [apiv2][query] GET https://serviceusage.googleapis.com/v1/projects/710419981185/services/eventarc.googleapis.com [none]
[debug] [2026-06-01T08:21:02.260Z] >>> [apiv2][(partial)header] GET https://serviceusage.googleapis.com/v1/projects/710419981185/services/eventarc.googleapis.com  x-goog-user-project=710419981185
[debug] [2026-06-01T08:21:02.261Z] >>> [apiv2][query] GET https://serviceusage.googleapis.com/v1/projects/710419981185/services/pubsub.googleapis.com [none]
[debug] [2026-06-01T08:21:02.261Z] >>> [apiv2][(partial)header] GET https://serviceusage.googleapis.com/v1/projects/710419981185/services/pubsub.googleapis.com  x-goog-user-project=710419981185
[debug] [2026-06-01T08:21:02.262Z] >>> [apiv2][query] GET https://serviceusage.googleapis.com/v1/projects/710419981185/services/storage.googleapis.com [none]
[debug] [2026-06-01T08:21:02.262Z] >>> [apiv2][(partial)header] GET https://serviceusage.googleapis.com/v1/projects/710419981185/services/storage.googleapis.com  x-goog-user-project=710419981185
[debug] [2026-06-01T08:21:03.669Z] <<< [apiv2][status] GET https://serviceusage.googleapis.com/v1/projects/710419981185/services/storage.googleapis.com 200
[debug] [2026-06-01T08:21:03.669Z] <<< [apiv2][body] GET https://serviceusage.googleapis.com/v1/projects/710419981185/services/storage.googleapis.com [omitted]
[info] +  functions: required API storage.googleapis.com is enabled 
[debug] [2026-06-01T08:21:03.679Z] <<< [apiv2][status] GET https://serviceusage.googleapis.com/v1/projects/710419981185/services/eventarc.googleapis.com 200
[debug] [2026-06-01T08:21:03.679Z] <<< [apiv2][body] GET https://serviceusage.googleapis.com/v1/projects/710419981185/services/eventarc.googleapis.com [omitted]
[warn] !  functions: missing required API eventarc.googleapis.com. Enabling now... 
[debug] [2026-06-01T08:21:03.680Z] Checked if tokens are valid: true, expires at: 1780304924614
[debug] [2026-06-01T08:21:03.680Z] Checked if tokens are valid: true, expires at: 1780304924614
[debug] [2026-06-01T08:21:03.680Z] >>> [apiv2][query] POST https://serviceusage.googleapis.com/v1/projects/710419981185/services/eventarc.googleapis.com:enable [none]
[debug] [2026-06-01T08:21:03.680Z] >>> [apiv2][(partial)header] POST https://serviceusage.googleapis.com/v1/projects/710419981185/services/eventarc.googleapis.com:enable  x-goog-user-project=710419981185
[debug] [2026-06-01T08:21:03.693Z] <<< [apiv2][status] GET https://serviceusage.googleapis.com/v1/projects/710419981185/services/run.googleapis.com 200
[debug] [2026-06-01T08:21:03.693Z] <<< [apiv2][body] GET https://serviceusage.googleapis.com/v1/projects/710419981185/services/run.googleapis.com [omitted]
[warn] !  functions: missing required API run.googleapis.com. Enabling now... 
[debug] [2026-06-01T08:21:03.693Z] Checked if tokens are valid: true, expires at: 1780304924614
[debug] [2026-06-01T08:21:03.693Z] Checked if tokens are valid: true, expires at: 1780304924614
[debug] [2026-06-01T08:21:03.693Z] >>> [apiv2][query] POST https://serviceusage.googleapis.com/v1/projects/710419981185/services/run.googleapis.com:enable [none]
[debug] [2026-06-01T08:21:03.693Z] >>> [apiv2][(partial)header] POST https://serviceusage.googleapis.com/v1/projects/710419981185/services/run.googleapis.com:enable  x-goog-user-project=710419981185
[debug] [2026-06-01T08:21:03.702Z] <<< [apiv2][status] GET https://serviceusage.googleapis.com/v1/projects/710419981185/services/pubsub.googleapis.com 200
[debug] [2026-06-01T08:21:03.702Z] <<< [apiv2][body] GET https://serviceusage.googleapis.com/v1/projects/710419981185/services/pubsub.googleapis.com [omitted]
[info] +  functions: required API pubsub.googleapis.com is enabled 
[debug] [2026-06-01T08:21:04.896Z] <<< [apiv2][status] POST https://serviceusage.googleapis.com/v1/projects/710419981185/services/eventarc.googleapis.com:enable 200
[debug] [2026-06-01T08:21:04.896Z] <<< [apiv2][body] POST https://serviceusage.googleapis.com/v1/projects/710419981185/services/eventarc.googleapis.com:enable [omitted]
[debug] [2026-06-01T08:21:05.022Z] <<< [apiv2][status] POST https://serviceusage.googleapis.com/v1/projects/710419981185/services/run.googleapis.com:enable 200
[debug] [2026-06-01T08:21:05.022Z] <<< [apiv2][body] POST https://serviceusage.googleapis.com/v1/projects/710419981185/services/run.googleapis.com:enable [omitted]
[info] i  functions: generating the service identity for pubsub.googleapis.com... 
[debug] [2026-06-01T08:21:15.046Z] Checked if tokens are valid: true, expires at: 1780304924614
[debug] [2026-06-01T08:21:15.047Z] Checked if tokens are valid: true, expires at: 1780304924614
[info] i  functions: generating the service identity for eventarc.googleapis.com... 
[debug] [2026-06-01T08:21:15.047Z] Checked if tokens are valid: true, expires at: 1780304924614
[debug] [2026-06-01T08:21:15.048Z] Checked if tokens are valid: true, expires at: 1780304924614
[debug] [2026-06-01T08:21:15.048Z] >>> [apiv2][query] POST https://serviceusage.googleapis.com/v1beta1/projects/710419981185/services/pubsub.googleapis.com:generateServiceIdentity [none]
[debug] [2026-06-01T08:21:15.048Z] >>> [apiv2][(partial)header] POST https://serviceusage.googleapis.com/v1beta1/projects/710419981185/services/pubsub.googleapis.com:generateServiceIdentity  x-goog-user-project=710419981185
[debug] [2026-06-01T08:21:15.048Z] >>> [apiv2][body] POST https://serviceusage.googleapis.com/v1beta1/projects/710419981185/services/pubsub.googleapis.com:generateServiceIdentity {}
[debug] [2026-06-01T08:21:15.050Z] >>> [apiv2][query] POST https://serviceusage.googleapis.com/v1beta1/projects/710419981185/services/eventarc.googleapis.com:generateServiceIdentity [none]
[debug] [2026-06-01T08:21:15.050Z] >>> [apiv2][(partial)header] POST https://serviceusage.googleapis.com/v1beta1/projects/710419981185/services/eventarc.googleapis.com:generateServiceIdentity  x-goog-user-project=710419981185
[debug] [2026-06-01T08:21:15.050Z] >>> [apiv2][body] POST https://serviceusage.googleapis.com/v1beta1/projects/710419981185/services/eventarc.googleapis.com:generateServiceIdentity {}
[debug] [2026-06-01T08:21:16.991Z] <<< [apiv2][status] POST https://serviceusage.googleapis.com/v1beta1/projects/710419981185/services/pubsub.googleapis.com:generateServiceIdentity 200
[debug] [2026-06-01T08:21:16.991Z] <<< [apiv2][body] POST https://serviceusage.googleapis.com/v1beta1/projects/710419981185/services/pubsub.googleapis.com:generateServiceIdentity {"name":"operations/finished.DONE_OPERATION","done":true,"response":{"@type":"type.googleapis.com/google.api.serviceusage.v1beta1.ServiceIdentity","email":"service-710419981185@gcp-sa-pubsub.iam.gserviceaccount.com","uniqueId":"103044288498285357895"}}
[debug] [2026-06-01T08:21:17.139Z] <<< [apiv2][status] POST https://serviceusage.googleapis.com/v1beta1/projects/710419981185/services/eventarc.googleapis.com:generateServiceIdentity 200
[debug] [2026-06-01T08:21:17.139Z] <<< [apiv2][body] POST https://serviceusage.googleapis.com/v1beta1/projects/710419981185/services/eventarc.googleapis.com:generateServiceIdentity {"name":"operations/finished.DONE_OPERATION","done":true,"response":{"@type":"type.googleapis.com/google.api.serviceusage.v1beta1.ServiceIdentity","email":"service-710419981185@gcp-sa-eventarc.iam.gserviceaccount.com","uniqueId":"107307132404162252780"}}
[debug] [2026-06-01T08:21:17.142Z] Checked if tokens are valid: true, expires at: 1780304924614
[debug] [2026-06-01T08:21:17.142Z] Checked if tokens are valid: true, expires at: 1780304924614
[debug] [2026-06-01T08:21:17.142Z] >>> [apiv2][query] GET https://cloudresourcemanager.googleapis.com/v1/projects/god-of-upgrade [none]
[debug] [2026-06-01T08:21:17.624Z] <<< [apiv2][status] GET https://cloudresourcemanager.googleapis.com/v1/projects/god-of-upgrade 200
[debug] [2026-06-01T08:21:17.624Z] <<< [apiv2][body] GET https://cloudresourcemanager.googleapis.com/v1/projects/god-of-upgrade {"projectNumber":"710419981185","projectId":"god-of-upgrade","lifecycleState":"ACTIVE","name":"GOD OF UPGRADE","labels":{"firebase":"enabled","firebase-core":"disabled"},"createTime":"2026-05-31T14:47:12.953Z"}
[debug] [2026-06-01T08:21:17.625Z] Checked if tokens are valid: true, expires at: 1780304924614
[debug] [2026-06-01T08:21:17.625Z] Checked if tokens are valid: true, expires at: 1780304924614
[debug] [2026-06-01T08:21:17.625Z] >>> [apiv2][query] GET https://compute.googleapis.com/compute/v1/projects/710419981185 [none]
[debug] [2026-06-01T08:21:18.310Z] <<< [apiv2][status] GET https://compute.googleapis.com/compute/v1/projects/710419981185 403
[debug] [2026-06-01T08:21:18.311Z] <<< [apiv2][body] GET https://compute.googleapis.com/compute/v1/projects/710419981185 {"error":{"code":403,"message":"Compute Engine API has not been used in project 710419981185 before or it is disabled. Enable it by visiting https://console.developers.google.com/apis/api/compute.googleapis.com/overview?project=710419981185 then retry. If you enabled this API recently, wait a few minutes for the action to propagate to our systems and retry.","errors":[{"message":"Compute Engine API has not been used in project 710419981185 before or it is disabled. Enable it by visiting https://console.developers.google.com/apis/api/compute.googleapis.com/overview?project=710419981185 then retry. If you enabled this API recently, wait a few minutes for the action to propagate to our systems and retry.","domain":"usageLimits","reason":"accessNotConfigured","extendedHelp":"https://console.developers.google.com"}],"status":"PERMISSION_DENIED","details":[{"@type":"type.googleapis.com/google.rpc.ErrorInfo","reason":"SERVICE_DISABLED","domain":"googleapis.com","metadata":{"activationUrl":"https://console.developers.google.com/apis/api/compute.googleapis.com/overview?project=710419981185","service":"compute.googleapis.com","serviceTitle":"Compute Engine API","containerInfo":"710419981185","consumer":"projects/710419981185"}},{"@type":"type.googleapis.com/google.rpc.LocalizedMessage","locale":"en-US","message":"Compute Engine API has not been used in project 710419981185 before or it is disabled. Enable it by visiting https://console.developers.google.com/apis/api/compute.googleapis.com/overview?project=710419981185 then retry. If you enabled this API recently, wait a few minutes for the action to propagate to our systems and retry."},{"@type":"type.googleapis.com/google.rpc.Help","links":[{"description":"Google developers console API activation","url":"https://console.developers.google.com/apis/api/compute.googleapis.com/overview?project=710419981185"}]}]}}
[debug] [2026-06-01T08:21:18.311Z] unable to look up default compute service account. Falling back to 710419981185-compute@developer.gserviceaccount.com. Error: {"name":"FirebaseError","children":[],"context":{"body":{"error":{"code":403,"message":"Compute Engine API has not been used in project 710419981185 before or it is disabled. Enable it by visiting https://console.developers.google.com/apis/api/compute.googleapis.com/overview?project=710419981185 then retry. If you enabled this API recently, wait a few minutes for the action to propagate to our systems and retry.","errors":[{"message":"Compute Engine API has not been used in project 710419981185 before or it is disabled. Enable it by visiting https://console.developers.google.com/apis/api/compute.googleapis.com/overview?project=710419981185 then retry. If you enabled this API recently, wait a few minutes for the action to propagate to our systems and retry.","domain":"usageLimits","reason":"accessNotConfigured","extendedHelp":"https://console.developers.google.com"}],"status":"PERMISSION_DENIED","details":[{"@type":"type.googleapis.com/google.rpc.ErrorInfo","reason":"SERVICE_DISABLED","domain":"googleapis.com","metadata":{"activationUrl":"https://console.developers.google.com/apis/api/compute.googleapis.com/overview?project=710419981185","service":"compute.googleapis.com","serviceTitle":"Compute Engine API","containerInfo":"710419981185","consumer":"projects/710419981185"}},{"@type":"type.googleapis.com/google.rpc.LocalizedMessage","locale":"en-US","message":"Compute Engine API has not been used in project 710419981185 before or it is disabled. Enable it by visiting https://console.developers.google.com/apis/api/compute.googleapis.com/overview?project=710419981185 then retry. If you enabled this API recently, wait a few minutes for the action to propagate to our systems and retry."},{"@type":"type.googleapis.com/google.rpc.Help","links":[{"description":"Google developers console API activation","url":"https://console.developers.google.com/apis/api/compute.googleapis.com/overview?project=710419981185"}]}]}},"response":{"statusCode":403}},"exit":1,"message":"Request to https://compute.googleapis.com/compute/v1/projects/710419981185 had HTTP Error: 403, Compute Engine API has not been used in project 710419981185 before or it is disabled. Enable it by visiting https://console.developers.google.com/apis/api/compute.googleapis.com/overview?project=710419981185 then retry. If you enabled this API recently, wait a few minutes for the action to propagate to our systems and retry.","status":403}
[debug] [2026-06-01T08:21:18.312Z] Checked if tokens are valid: true, expires at: 1780304924614
[debug] [2026-06-01T08:21:18.312Z] Checked if tokens are valid: true, expires at: 1780304924614
[debug] [2026-06-01T08:21:18.313Z] >>> [apiv2][query] GET https://cloudbilling.googleapis.com/v1/projects/god-of-upgrade/billingInfo [none]
[debug] [2026-06-01T08:21:20.973Z] <<< [apiv2][status] GET https://cloudbilling.googleapis.com/v1/projects/god-of-upgrade/billingInfo 200
[debug] [2026-06-01T08:21:20.973Z] <<< [apiv2][body] GET https://cloudbilling.googleapis.com/v1/projects/god-of-upgrade/billingInfo {"name":"projects/god-of-upgrade/billingInfo","projectId":"god-of-upgrade","billingAccountName":"billingAccounts/014CE7-D5CA0F-F2ED00","billingEnabled":true}
[debug] [2026-06-01T08:21:20.975Z] Checked if tokens are valid: true, expires at: 1780304924614
[debug] [2026-06-01T08:21:20.975Z] Checked if tokens are valid: true, expires at: 1780304924614
[debug] [2026-06-01T08:21:20.975Z] >>> [apiv2][query] POST https://cloudfunctions.googleapis.com/v2/projects/god-of-upgrade/locations/us-central1/functions:generateUploadUrl [none]
[debug] [2026-06-01T08:21:24.055Z] <<< [apiv2][status] POST https://cloudfunctions.googleapis.com/v2/projects/god-of-upgrade/locations/us-central1/functions:generateUploadUrl 200
[debug] [2026-06-01T08:21:24.055Z] <<< [apiv2][body] POST https://cloudfunctions.googleapis.com/v2/projects/god-of-upgrade/locations/us-central1/functions:generateUploadUrl {"uploadUrl":"https://storage.googleapis.com/gcf-v2-uploads-710419981185.us-central1.cloudfunctions.appspot.com/b533c80c-f76f-4eef-ba54-c616e25f82f4.zip?GoogleAccessId=service-710419981185@gcf-admin-robot.iam.gserviceaccount.com&Expires=1780303920&Signature=pdqyS3k%2FYFHcz9be9CbVmuKqdx4Lu6xWLXwx7SOLLKFavG710wi3s04oT71QkVa6cwVnhXdlWyM1SzxGYzVfEOExy1dhKQkgUgD1KCzXi0oUcSh7aoZ4IN4nxnp6%2BAn3wy8kMxsnfPGVwf4O7LHZ15zxxNWNE0AzsYhLn4f1MoVbYCdDUV1m7bqV9RD3EN%2Fx0ryKFkNzlwvCuV9jGH1uNaW9rRej7Ytt497Who6CCMbumbWKZ%2BK8OCGCiahSX8wfC7aOj8MR6GmCdbr1674ChkWt58%2BJymE12Ksx9NWz1XdUgKkY%2BaEaiJqv5vcdT%2FsU9MS2eESm2kQWKkKM1Ag%2Beg%3D%3D","storageSource":{"bucket":"gcf-v2-uploads-710419981185.us-central1.cloudfunctions.appspot.com","object":"b533c80c-f76f-4eef-ba54-c616e25f82f4.zip"}}
[debug] [2026-06-01T08:21:24.056Z] >>> [apiv2][query] PUT https://storage.googleapis.com/gcf-v2-uploads-710419981185.us-central1.cloudfunctions.appspot.com/b533c80c-f76f-4eef-ba54-c616e25f82f4.zip GoogleAccessId=service-710419981185%40gcf-admin-robot.iam.gserviceaccount.com&Expires=1780303920&Signature=pdqyS3k%2FYFHcz9be9CbVmuKqdx4Lu6xWLXwx7SOLLKFavG710wi3s04oT71QkVa6cwVnhXdlWyM1SzxGYzVfEOExy1dhKQkgUgD1KCzXi0oUcSh7aoZ4IN4nxnp6%2BAn3wy8kMxsnfPGVwf4O7LHZ15zxxNWNE0AzsYhLn4f1MoVbYCdDUV1m7bqV9RD3EN%2Fx0ryKFkNzlwvCuV9jGH1uNaW9rRej7Ytt497Who6CCMbumbWKZ%2BK8OCGCiahSX8wfC7aOj8MR6GmCdbr1674ChkWt58%2BJymE12Ksx9NWz1XdUgKkY%2BaEaiJqv5vcdT%2FsU9MS2eESm2kQWKkKM1Ag%2Beg%3D%3D
[debug] [2026-06-01T08:21:24.056Z] >>> [apiv2][body] PUT https://storage.googleapis.com/gcf-v2-uploads-710419981185.us-central1.cloudfunctions.appspot.com/b533c80c-f76f-4eef-ba54-c616e25f82f4.zip [stream]
[debug] [2026-06-01T08:21:25.221Z] <<< [apiv2][status] PUT https://storage.googleapis.com/gcf-v2-uploads-710419981185.us-central1.cloudfunctions.appspot.com/b533c80c-f76f-4eef-ba54-c616e25f82f4.zip 200
[debug] [2026-06-01T08:21:25.221Z] <<< [apiv2][body] PUT https://storage.googleapis.com/gcf-v2-uploads-710419981185.us-central1.cloudfunctions.appspot.com/b533c80c-f76f-4eef-ba54-c616e25f82f4.zip [omitted]
[info] +  functions: functions source uploaded successfully 
[info] i  functions: creating Node.js 24 (2nd Gen) function claimGOU(us-central1)... 
[debug] [2026-06-01T08:21:25.224Z] Checked if tokens are valid: true, expires at: 1780304924614
[debug] [2026-06-01T08:21:25.224Z] Checked if tokens are valid: true, expires at: 1780304924614
[debug] [2026-06-01T08:21:25.224Z] >>> [apiv2][query] POST https://cloudfunctions.googleapis.com/v2/projects/god-of-upgrade/locations/us-central1/functions functionId=claimGOU
[debug] [2026-06-01T08:21:25.224Z] >>> [apiv2][body] POST https://cloudfunctions.googleapis.com/v2/projects/god-of-upgrade/locations/us-central1/functions {"name":"projects/god-of-upgrade/locations/us-central1/functions/claimGOU","buildConfig":{"runtime":"nodejs24","entryPoint":"claimGOU","source":{"storageSource":{"bucket":"gcf-v2-uploads-710419981185.us-central1.cloudfunctions.appspot.com","object":"b533c80c-f76f-4eef-ba54-c616e25f82f4.zip"}},"environmentVariables":{"GOOGLE_NODE_RUN_SCRIPTS":""}},"serviceConfig":{"environmentVariables":{"FIREBASE_CONFIG":"{\"projectId\":\"god-of-upgrade\",\"storageBucket\":\"god-of-upgrade.firebasestorage.app\"}","GCLOUD_PROJECT":"god-of-upgrade","EVENTARC_CLOUD_EVENT_SOURCE":"projects/god-of-upgrade/locations/us-central1/services/claimGOU","FUNCTION_TARGET":"claimGOU","LOG_EXECUTION_ID":"true"},"ingressSettings":null,"timeoutSeconds":null,"serviceAccountEmail":null,"availableMemory":"256Mi","minInstanceCount":null,"maxInstanceCount":null,"maxInstanceRequestConcurrency":80,"availableCpu":"1","vpcConnector":null,"vpcConnectorEgressSettings":null,"directVpcNetworkInterface":null,"directVpcEgress":null},"labels":{"deployment-tool":"cli-firebase","deployment-callable":"true","firebase-functions-hash":"9d8bab55d56c325baf54393b8e8fef179098800b"}}
[debug] [2026-06-01T08:21:28.202Z] <<< [apiv2][status] POST https://cloudfunctions.googleapis.com/v2/projects/god-of-upgrade/locations/us-central1/functions 200
[debug] [2026-06-01T08:21:28.202Z] <<< [apiv2][body] POST https://cloudfunctions.googleapis.com/v2/projects/god-of-upgrade/locations/us-central1/functions {"name":"projects/god-of-upgrade/locations/us-central1/operations/operation-1780302122951-6532ce3a1a38c-87d5b462-f7f9c32f","metadata":{"@type":"type.googleapis.com/google.cloud.functions.v2.OperationMetadata","createTime":"2026-06-01T08:22:04.693233032Z","target":"projects/god-of-upgrade/locations/us-central1/functions/claimGOU","verb":"create","cancelRequested":false,"apiVersion":"v2"},"done":false}
[debug] [2026-06-01T08:21:28.203Z] Checked if tokens are valid: true, expires at: 1780304924614
[debug] [2026-06-01T08:21:28.203Z] Checked if tokens are valid: true, expires at: 1780304924614
[debug] [2026-06-01T08:21:28.203Z] >>> [apiv2][query] GET https://cloudfunctions.googleapis.com/v2/projects/god-of-upgrade/locations/us-central1/operations/operation-1780302122951-6532ce3a1a38c-87d5b462-f7f9c32f [none]
[debug] [2026-06-01T08:21:29.397Z] <<< [apiv2][status] GET https://cloudfunctions.googleapis.com/v2/projects/god-of-upgrade/locations/us-central1/operations/operation-1780302122951-6532ce3a1a38c-87d5b462-f7f9c32f 200
[debug] [2026-06-01T08:21:29.397Z] <<< [apiv2][body] GET https://cloudfunctions.googleapis.com/v2/projects/god-of-upgrade/locations/us-central1/operations/operation-1780302122951-6532ce3a1a38c-87d5b462-f7f9c32f {"name":"projects/god-of-upgrade/locations/us-central1/operations/operation-1780302122951-6532ce3a1a38c-87d5b462-f7f9c32f","metadata":{"@type":"type.googleapis.com/google.cloud.functions.v2.OperationMetadata","createTime":"2026-06-01T08:22:04.693233032Z","target":"projects/god-of-upgrade/locations/us-central1/functions/claimGOU","verb":"create","cancelRequested":false,"apiVersion":"v2","requestResource":{"@type":"type.googleapis.com/google.cloud.functions.v2.Function","name":"projects/god-of-upgrade/locations/us-central1/functions/claimGOU","buildConfig":{"runtime":"nodejs24","entryPoint":"claimGOU","source":{"storageSource":{"bucket":"gcf-v2-sources-710419981185-us-central1","object":"claimGOU/function-source.zip","generation":"1780302123792163"}},"environmentVariables":{"GOOGLE_NODE_RUN_SCRIPTS":""},"serviceAccount":"projects/god-of-upgrade/serviceAccounts/710419981185-compute@developer.gserviceaccount.com","automaticUpdatePolicy":{}},"serviceConfig":{"service":"projects/god-of-upgrade/locations/us-central1/services/claimgou","timeoutSeconds":60,"environmentVariables":{"FIREBASE_CONFIG":"{\"projectId\":\"god-of-upgrade\",\"storageBucket\":\"god-of-upgrade.firebasestorage.app\"}","GCLOUD_PROJECT":"god-of-upgrade","EVENTARC_CLOUD_EVENT_SOURCE":"projects/god-of-upgrade/locations/us-central1/services/claimGOU","FUNCTION_TARGET":"claimGOU","LOG_EXECUTION_ID":"true"},"ingressSettings":"ALLOW_ALL","serviceAccountEmail":"710419981185-compute@developer.gserviceaccount.com","availableMemory":"256Mi","maxInstanceRequestConcurrency":80,"availableCpu":"1"},"labels":{"deployment-tool":"cli-firebase","deployment-callable":"true","firebase-functions-hash":"9d8bab55d56c325baf54393b8e8fef179098800b"},"environment":"GEN_2"},"stages":[{"name":"BUILD","state":"NOT_STARTED"},{"name":"SERVICE","state":"NOT_STARTED"}],"operationType":"CREATE_FUNCTION"},"done":false}
[debug] [2026-06-01T08:21:29.910Z] [create-default-us-central1-claimGOU] Retrying task index 0
[debug] [2026-06-01T08:21:29.910Z] Checked if tokens are valid: true, expires at: 1780304924614
[debug] [2026-06-01T08:21:29.910Z] Checked if tokens are valid: true, expires at: 1780304924614
[debug] [2026-06-01T08:21:29.911Z] >>> [apiv2][query] GET https://cloudfunctions.googleapis.com/v2/projects/god-of-upgrade/locations/us-central1/operations/operation-1780302122951-6532ce3a1a38c-87d5b462-f7f9c32f [none]
[debug] [2026-06-01T08:21:31.115Z] <<< [apiv2][status] GET https://cloudfunctions.googleapis.com/v2/projects/god-of-upgrade/locations/us-central1/operations/operation-1780302122951-6532ce3a1a38c-87d5b462-f7f9c32f 200
[debug] [2026-06-01T08:21:31.115Z] <<< [apiv2][body] GET https://cloudfunctions.googleapis.com/v2/projects/god-of-upgrade/locations/us-central1/operations/operation-1780302122951-6532ce3a1a38c-87d5b462-f7f9c32f {"name":"projects/god-of-upgrade/locations/us-central1/operations/operation-1780302122951-6532ce3a1a38c-87d5b462-f7f9c32f","metadata":{"@type":"type.googleapis.com/google.cloud.functions.v2.OperationMetadata","createTime":"2026-06-01T08:22:04.693233032Z","target":"projects/god-of-upgrade/locations/us-central1/functions/claimGOU","verb":"create","cancelRequested":false,"apiVersion":"v2","requestResource":{"@type":"type.googleapis.com/google.cloud.functions.v2.Function","name":"projects/god-of-upgrade/locations/us-central1/functions/claimGOU","buildConfig":{"runtime":"nodejs24","entryPoint":"claimGOU","source":{"storageSource":{"bucket":"gcf-v2-sources-710419981185-us-central1","object":"claimGOU/function-source.zip","generation":"1780302123792163"}},"environmentVariables":{"GOOGLE_NODE_RUN_SCRIPTS":""},"serviceAccount":"projects/god-of-upgrade/serviceAccounts/710419981185-compute@developer.gserviceaccount.com","automaticUpdatePolicy":{}},"serviceConfig":{"service":"projects/god-of-upgrade/locations/us-central1/services/claimgou","timeoutSeconds":60,"environmentVariables":{"FIREBASE_CONFIG":"{\"projectId\":\"god-of-upgrade\",\"storageBucket\":\"god-of-upgrade.firebasestorage.app\"}","GCLOUD_PROJECT":"god-of-upgrade","EVENTARC_CLOUD_EVENT_SOURCE":"projects/god-of-upgrade/locations/us-central1/services/claimGOU","FUNCTION_TARGET":"claimGOU","LOG_EXECUTION_ID":"true"},"ingressSettings":"ALLOW_ALL","serviceAccountEmail":"710419981185-compute@developer.gserviceaccount.com","availableMemory":"256Mi","maxInstanceRequestConcurrency":80,"availableCpu":"1"},"labels":{"deployment-tool":"cli-firebase","deployment-callable":"true","firebase-functions-hash":"9d8bab55d56c325baf54393b8e8fef179098800b"},"environment":"GEN_2"},"stages":[{"name":"BUILD","state":"NOT_STARTED"},{"name":"SERVICE","state":"NOT_STARTED"}],"operationType":"CREATE_FUNCTION"},"done":false}
[debug] [2026-06-01T08:21:32.130Z] [create-default-us-central1-claimGOU] Retrying task index 0
[debug] [2026-06-01T08:21:32.130Z] Checked if tokens are valid: true, expires at: 1780304924614
[debug] [2026-06-01T08:21:32.130Z] Checked if tokens are valid: true, expires at: 1780304924614
[debug] [2026-06-01T08:21:32.131Z] >>> [apiv2][query] GET https://cloudfunctions.googleapis.com/v2/projects/god-of-upgrade/locations/us-central1/operations/operation-1780302122951-6532ce3a1a38c-87d5b462-f7f9c32f [none]
[debug] [2026-06-01T08:21:33.336Z] <<< [apiv2][status] GET https://cloudfunctions.googleapis.com/v2/projects/god-of-upgrade/locations/us-central1/operations/operation-1780302122951-6532ce3a1a38c-87d5b462-f7f9c32f 200
[debug] [2026-06-01T08:21:33.336Z] <<< [apiv2][body] GET https://cloudfunctions.googleapis.com/v2/projects/god-of-upgrade/locations/us-central1/operations/operation-1780302122951-6532ce3a1a38c-87d5b462-f7f9c32f {"name":"projects/god-of-upgrade/locations/us-central1/operations/operation-1780302122951-6532ce3a1a38c-87d5b462-f7f9c32f","metadata":{"@type":"type.googleapis.com/google.cloud.functions.v2.OperationMetadata","createTime":"2026-06-01T08:22:04.693233032Z","target":"projects/god-of-upgrade/locations/us-central1/functions/claimGOU","verb":"create","cancelRequested":false,"apiVersion":"v2","requestResource":{"@type":"type.googleapis.com/google.cloud.functions.v2.Function","name":"projects/god-of-upgrade/locations/us-central1/functions/claimGOU","buildConfig":{"runtime":"nodejs24","entryPoint":"claimGOU","source":{"storageSource":{"bucket":"gcf-v2-sources-710419981185-us-central1","object":"claimGOU/function-source.zip","generation":"1780302123792163"}},"environmentVariables":{"GOOGLE_NODE_RUN_SCRIPTS":""},"serviceAccount":"projects/god-of-upgrade/serviceAccounts/710419981185-compute@developer.gserviceaccount.com","automaticUpdatePolicy":{}},"serviceConfig":{"service":"projects/god-of-upgrade/locations/us-central1/services/claimgou","timeoutSeconds":60,"environmentVariables":{"FIREBASE_CONFIG":"{\"projectId\":\"god-of-upgrade\",\"storageBucket\":\"god-of-upgrade.firebasestorage.app\"}","GCLOUD_PROJECT":"god-of-upgrade","EVENTARC_CLOUD_EVENT_SOURCE":"projects/god-of-upgrade/locations/us-central1/services/claimGOU","FUNCTION_TARGET":"claimGOU","LOG_EXECUTION_ID":"true"},"ingressSettings":"ALLOW_ALL","serviceAccountEmail":"710419981185-compute@developer.gserviceaccount.com","availableMemory":"256Mi","maxInstanceRequestConcurrency":80,"availableCpu":"1"},"labels":{"deployment-tool":"cli-firebase","deployment-callable":"true","firebase-functions-hash":"9d8bab55d56c325baf54393b8e8fef179098800b"},"environment":"GEN_2"},"stages":[{"name":"BUILD","state":"NOT_STARTED"},{"name":"SERVICE","state":"NOT_STARTED"}],"operationType":"CREATE_FUNCTION"},"done":false}
[debug] [2026-06-01T08:21:35.349Z] [create-default-us-central1-claimGOU] Retrying task index 0
[debug] [2026-06-01T08:21:35.350Z] Checked if tokens are valid: true, expires at: 1780304924614
[debug] [2026-06-01T08:21:35.350Z] Checked if tokens are valid: true, expires at: 1780304924614
[debug] [2026-06-01T08:21:35.350Z] >>> [apiv2][query] GET https://cloudfunctions.googleapis.com/v2/projects/god-of-upgrade/locations/us-central1/operations/operation-1780302122951-6532ce3a1a38c-87d5b462-f7f9c32f [none]
[debug] [2026-06-01T08:21:36.668Z] <<< [apiv2][status] GET https://cloudfunctions.googleapis.com/v2/projects/god-of-upgrade/locations/us-central1/operations/operation-1780302122951-6532ce3a1a38c-87d5b462-f7f9c32f 200
[debug] [2026-06-01T08:21:36.668Z] <<< [apiv2][body] GET https://cloudfunctions.googleapis.com/v2/projects/god-of-upgrade/locations/us-central1/operations/operation-1780302122951-6532ce3a1a38c-87d5b462-f7f9c32f {"name":"projects/god-of-upgrade/locations/us-central1/operations/operation-1780302122951-6532ce3a1a38c-87d5b462-f7f9c32f","metadata":{"@type":"type.googleapis.com/google.cloud.functions.v2.OperationMetadata","createTime":"2026-06-01T08:22:04.693233032Z","target":"projects/god-of-upgrade/locations/us-central1/functions/claimGOU","verb":"create","cancelRequested":false,"apiVersion":"v2","requestResource":{"@type":"type.googleapis.com/google.cloud.functions.v2.Function","name":"projects/god-of-upgrade/locations/us-central1/functions/claimGOU","buildConfig":{"runtime":"nodejs24","entryPoint":"claimGOU","source":{"storageSource":{"bucket":"gcf-v2-sources-710419981185-us-central1","object":"claimGOU/function-source.zip","generation":"1780302123792163"}},"environmentVariables":{"GOOGLE_NODE_RUN_SCRIPTS":""},"serviceAccount":"projects/god-of-upgrade/serviceAccounts/710419981185-compute@developer.gserviceaccount.com","automaticUpdatePolicy":{}},"serviceConfig":{"service":"projects/god-of-upgrade/locations/us-central1/services/claimgou","timeoutSeconds":60,"environmentVariables":{"FIREBASE_CONFIG":"{\"projectId\":\"god-of-upgrade\",\"storageBucket\":\"god-of-upgrade.firebasestorage.app\"}","GCLOUD_PROJECT":"god-of-upgrade","EVENTARC_CLOUD_EVENT_SOURCE":"projects/god-of-upgrade/locations/us-central1/services/claimGOU","FUNCTION_TARGET":"claimGOU","LOG_EXECUTION_ID":"true"},"ingressSettings":"ALLOW_ALL","serviceAccountEmail":"710419981185-compute@developer.gserviceaccount.com","availableMemory":"256Mi","maxInstanceRequestConcurrency":80,"availableCpu":"1"},"labels":{"deployment-tool":"cli-firebase","deployment-callable":"true","firebase-functions-hash":"9d8bab55d56c325baf54393b8e8fef179098800b"},"environment":"GEN_2"},"stages":[{"name":"BUILD","state":"NOT_STARTED"},{"name":"SERVICE","state":"NOT_STARTED"}],"operationType":"CREATE_FUNCTION"},"done":false}
[debug] [2026-06-01T08:21:40.680Z] [create-default-us-central1-claimGOU] Retrying task index 0
[debug] [2026-06-01T08:21:40.681Z] Checked if tokens are valid: true, expires at: 1780304924614
[debug] [2026-06-01T08:21:40.681Z] Checked if tokens are valid: true, expires at: 1780304924614
[debug] [2026-06-01T08:21:40.682Z] >>> [apiv2][query] GET https://cloudfunctions.googleapis.com/v2/projects/god-of-upgrade/locations/us-central1/operations/operation-1780302122951-6532ce3a1a38c-87d5b462-f7f9c32f [none]
[debug] [2026-06-01T08:21:41.889Z] <<< [apiv2][status] GET https://cloudfunctions.googleapis.com/v2/projects/god-of-upgrade/locations/us-central1/operations/operation-1780302122951-6532ce3a1a38c-87d5b462-f7f9c32f 200
[debug] [2026-06-01T08:21:41.889Z] <<< [apiv2][body] GET https://cloudfunctions.googleapis.com/v2/projects/god-of-upgrade/locations/us-central1/operations/operation-1780302122951-6532ce3a1a38c-87d5b462-f7f9c32f {"name":"projects/god-of-upgrade/locations/us-central1/operations/operation-1780302122951-6532ce3a1a38c-87d5b462-f7f9c32f","metadata":{"@type":"type.googleapis.com/google.cloud.functions.v2.OperationMetadata","createTime":"2026-06-01T08:22:04.693233032Z","target":"projects/god-of-upgrade/locations/us-central1/functions/claimGOU","verb":"create","cancelRequested":false,"apiVersion":"v2","requestResource":{"@type":"type.googleapis.com/google.cloud.functions.v2.Function","name":"projects/god-of-upgrade/locations/us-central1/functions/claimGOU","buildConfig":{"runtime":"nodejs24","entryPoint":"claimGOU","source":{"storageSource":{"bucket":"gcf-v2-sources-710419981185-us-central1","object":"claimGOU/function-source.zip","generation":"1780302123792163"}},"environmentVariables":{"GOOGLE_NODE_RUN_SCRIPTS":""},"serviceAccount":"projects/god-of-upgrade/serviceAccounts/710419981185-compute@developer.gserviceaccount.com","automaticUpdatePolicy":{}},"serviceConfig":{"service":"projects/god-of-upgrade/locations/us-central1/services/claimgou","timeoutSeconds":60,"environmentVariables":{"FIREBASE_CONFIG":"{\"projectId\":\"god-of-upgrade\",\"storageBucket\":\"god-of-upgrade.firebasestorage.app\"}","GCLOUD_PROJECT":"god-of-upgrade","EVENTARC_CLOUD_EVENT_SOURCE":"projects/god-of-upgrade/locations/us-central1/services/claimGOU","FUNCTION_TARGET":"claimGOU","LOG_EXECUTION_ID":"true"},"ingressSettings":"ALLOW_ALL","serviceAccountEmail":"710419981185-compute@developer.gserviceaccount.com","availableMemory":"256Mi","maxInstanceRequestConcurrency":80,"availableCpu":"1"},"labels":{"deployment-tool":"cli-firebase","deployment-callable":"true","firebase-functions-hash":"9d8bab55d56c325baf54393b8e8fef179098800b"},"environment":"GEN_2"},"stages":[{"name":"BUILD","message":"Build in progress","state":"IN_PROGRESS","resource":"projects/710419981185/locations/us-central1/builds/091a488c-a4a7-451d-93f4-18304875d412","resourceUri":"https://console.cloud.google.com/cloud-build/builds;region=us-central1/091a488c-a4a7-451d-93f4-18304875d412?project=710419981185"},{"name":"SERVICE","state":"NOT_STARTED"}],"operationType":"CREATE_FUNCTION","buildName":"projects/710419981185/locations/us-central1/builds/091a488c-a4a7-451d-93f4-18304875d412"},"done":false}
[debug] [2026-06-01T08:21:49.900Z] [create-default-us-central1-claimGOU] Retrying task index 0
[debug] [2026-06-01T08:21:49.900Z] Checked if tokens are valid: true, expires at: 1780304924614
[debug] [2026-06-01T08:21:49.900Z] Checked if tokens are valid: true, expires at: 1780304924614
[debug] [2026-06-01T08:21:49.901Z] >>> [apiv2][query] GET https://cloudfunctions.googleapis.com/v2/projects/god-of-upgrade/locations/us-central1/operations/operation-1780302122951-6532ce3a1a38c-87d5b462-f7f9c32f [none]
[debug] [2026-06-01T08:21:51.351Z] <<< [apiv2][status] GET https://cloudfunctions.googleapis.com/v2/projects/god-of-upgrade/locations/us-central1/operations/operation-1780302122951-6532ce3a1a38c-87d5b462-f7f9c32f 200
[debug] [2026-06-01T08:21:51.351Z] <<< [apiv2][body] GET https://cloudfunctions.googleapis.com/v2/projects/god-of-upgrade/locations/us-central1/operations/operation-1780302122951-6532ce3a1a38c-87d5b462-f7f9c32f {"name":"projects/god-of-upgrade/locations/us-central1/operations/operation-1780302122951-6532ce3a1a38c-87d5b462-f7f9c32f","metadata":{"@type":"type.googleapis.com/google.cloud.functions.v2.OperationMetadata","createTime":"2026-06-01T08:22:04.693233032Z","target":"projects/god-of-upgrade/locations/us-central1/functions/claimGOU","verb":"create","cancelRequested":false,"apiVersion":"v2","requestResource":{"@type":"type.googleapis.com/google.cloud.functions.v2.Function","name":"projects/god-of-upgrade/locations/us-central1/functions/claimGOU","buildConfig":{"runtime":"nodejs24","entryPoint":"claimGOU","source":{"storageSource":{"bucket":"gcf-v2-sources-710419981185-us-central1","object":"claimGOU/function-source.zip","generation":"1780302123792163"}},"environmentVariables":{"GOOGLE_NODE_RUN_SCRIPTS":""},"serviceAccount":"projects/god-of-upgrade/serviceAccounts/710419981185-compute@developer.gserviceaccount.com","automaticUpdatePolicy":{}},"serviceConfig":{"service":"projects/god-of-upgrade/locations/us-central1/services/claimgou","timeoutSeconds":60,"environmentVariables":{"FIREBASE_CONFIG":"{\"projectId\":\"god-of-upgrade\",\"storageBucket\":\"god-of-upgrade.firebasestorage.app\"}","GCLOUD_PROJECT":"god-of-upgrade","EVENTARC_CLOUD_EVENT_SOURCE":"projects/god-of-upgrade/locations/us-central1/services/claimGOU","FUNCTION_TARGET":"claimGOU","LOG_EXECUTION_ID":"true"},"ingressSettings":"ALLOW_ALL","serviceAccountEmail":"710419981185-compute@developer.gserviceaccount.com","availableMemory":"256Mi","maxInstanceRequestConcurrency":80,"availableCpu":"1"},"labels":{"deployment-tool":"cli-firebase","deployment-callable":"true","firebase-functions-hash":"9d8bab55d56c325baf54393b8e8fef179098800b"},"environment":"GEN_2"},"stages":[{"name":"BUILD","message":"Build in progress","state":"IN_PROGRESS","resource":"projects/710419981185/locations/us-central1/builds/091a488c-a4a7-451d-93f4-18304875d412","resourceUri":"https://console.cloud.google.com/cloud-build/builds;region=us-central1/091a488c-a4a7-451d-93f4-18304875d412?project=710419981185"},{"name":"SERVICE","state":"NOT_STARTED"}],"operationType":"CREATE_FUNCTION","buildName":"projects/710419981185/locations/us-central1/builds/091a488c-a4a7-451d-93f4-18304875d412"},"done":false}
[debug] [2026-06-01T08:22:01.365Z] [create-default-us-central1-claimGOU] Retrying task index 0
[debug] [2026-06-01T08:22:01.366Z] Checked if tokens are valid: true, expires at: 1780304924614
[debug] [2026-06-01T08:22:01.366Z] Checked if tokens are valid: true, expires at: 1780304924614
[debug] [2026-06-01T08:22:01.366Z] >>> [apiv2][query] GET https://cloudfunctions.googleapis.com/v2/projects/god-of-upgrade/locations/us-central1/operations/operation-1780302122951-6532ce3a1a38c-87d5b462-f7f9c32f [none]
[debug] [2026-06-01T08:22:02.808Z] <<< [apiv2][status] GET https://cloudfunctions.googleapis.com/v2/projects/god-of-upgrade/locations/us-central1/operations/operation-1780302122951-6532ce3a1a38c-87d5b462-f7f9c32f 200
[debug] [2026-06-01T08:22:02.808Z] <<< [apiv2][body] GET https://cloudfunctions.googleapis.com/v2/projects/god-of-upgrade/locations/us-central1/operations/operation-1780302122951-6532ce3a1a38c-87d5b462-f7f9c32f {"name":"projects/god-of-upgrade/locations/us-central1/operations/operation-1780302122951-6532ce3a1a38c-87d5b462-f7f9c32f","metadata":{"@type":"type.googleapis.com/google.cloud.functions.v2.OperationMetadata","createTime":"2026-06-01T08:22:04.693233032Z","target":"projects/god-of-upgrade/locations/us-central1/functions/claimGOU","verb":"create","cancelRequested":false,"apiVersion":"v2","requestResource":{"@type":"type.googleapis.com/google.cloud.functions.v2.Function","name":"projects/god-of-upgrade/locations/us-central1/functions/claimGOU","buildConfig":{"runtime":"nodejs24","entryPoint":"claimGOU","source":{"storageSource":{"bucket":"gcf-v2-sources-710419981185-us-central1","object":"claimGOU/function-source.zip","generation":"1780302123792163"}},"environmentVariables":{"GOOGLE_NODE_RUN_SCRIPTS":""},"serviceAccount":"projects/god-of-upgrade/serviceAccounts/710419981185-compute@developer.gserviceaccount.com","automaticUpdatePolicy":{}},"serviceConfig":{"service":"projects/god-of-upgrade/locations/us-central1/services/claimgou","timeoutSeconds":60,"environmentVariables":{"FIREBASE_CONFIG":"{\"projectId\":\"god-of-upgrade\",\"storageBucket\":\"god-of-upgrade.firebasestorage.app\"}","GCLOUD_PROJECT":"god-of-upgrade","EVENTARC_CLOUD_EVENT_SOURCE":"projects/god-of-upgrade/locations/us-central1/services/claimGOU","FUNCTION_TARGET":"claimGOU","LOG_EXECUTION_ID":"true"},"ingressSettings":"ALLOW_ALL","serviceAccountEmail":"710419981185-compute@developer.gserviceaccount.com","availableMemory":"256Mi","maxInstanceRequestConcurrency":80,"availableCpu":"1"},"labels":{"deployment-tool":"cli-firebase","deployment-callable":"true","firebase-functions-hash":"9d8bab55d56c325baf54393b8e8fef179098800b"},"environment":"GEN_2"},"stages":[{"name":"BUILD","message":"Build in progress","state":"IN_PROGRESS","resource":"projects/710419981185/locations/us-central1/builds/091a488c-a4a7-451d-93f4-18304875d412","resourceUri":"https://console.cloud.google.com/cloud-build/builds;region=us-central1/091a488c-a4a7-451d-93f4-18304875d412?project=710419981185"},{"name":"SERVICE","state":"NOT_STARTED"}],"operationType":"CREATE_FUNCTION","buildName":"projects/710419981185/locations/us-central1/builds/091a488c-a4a7-451d-93f4-18304875d412"},"done":false}
[debug] [2026-06-01T08:22:12.810Z] [create-default-us-central1-claimGOU] Retrying task index 0
[debug] [2026-06-01T08:22:12.811Z] Checked if tokens are valid: true, expires at: 1780304924614
[debug] [2026-06-01T08:22:12.811Z] Checked if tokens are valid: true, expires at: 1780304924614
[debug] [2026-06-01T08:22:12.811Z] >>> [apiv2][query] GET https://cloudfunctions.googleapis.com/v2/projects/god-of-upgrade/locations/us-central1/operations/operation-1780302122951-6532ce3a1a38c-87d5b462-f7f9c32f [none]
[debug] [2026-06-01T08:22:14.205Z] <<< [apiv2][status] GET https://cloudfunctions.googleapis.com/v2/projects/god-of-upgrade/locations/us-central1/operations/operation-1780302122951-6532ce3a1a38c-87d5b462-f7f9c32f 200
[debug] [2026-06-01T08:22:14.206Z] <<< [apiv2][body] GET https://cloudfunctions.googleapis.com/v2/projects/god-of-upgrade/locations/us-central1/operations/operation-1780302122951-6532ce3a1a38c-87d5b462-f7f9c32f {"name":"projects/god-of-upgrade/locations/us-central1/operations/operation-1780302122951-6532ce3a1a38c-87d5b462-f7f9c32f","metadata":{"@type":"type.googleapis.com/google.cloud.functions.v2.OperationMetadata","createTime":"2026-06-01T08:22:04.693233032Z","endTime":"2026-06-01T08:22:44.608479281Z","target":"projects/god-of-upgrade/locations/us-central1/functions/claimGOU","verb":"create","cancelRequested":false,"apiVersion":"v2","requestResource":{"@type":"type.googleapis.com/google.cloud.functions.v2.Function","name":"projects/god-of-upgrade/locations/us-central1/functions/claimGOU","buildConfig":{"runtime":"nodejs24","entryPoint":"claimGOU","source":{"storageSource":{"bucket":"gcf-v2-sources-710419981185-us-central1","object":"claimGOU/function-source.zip","generation":"1780302123792163"}},"environmentVariables":{"GOOGLE_NODE_RUN_SCRIPTS":""},"serviceAccount":"projects/god-of-upgrade/serviceAccounts/710419981185-compute@developer.gserviceaccount.com","automaticUpdatePolicy":{}},"serviceConfig":{"service":"projects/god-of-upgrade/locations/us-central1/services/claimgou","timeoutSeconds":60,"environmentVariables":{"FIREBASE_CONFIG":"{\"projectId\":\"god-of-upgrade\",\"storageBucket\":\"god-of-upgrade.firebasestorage.app\"}","GCLOUD_PROJECT":"god-of-upgrade","EVENTARC_CLOUD_EVENT_SOURCE":"projects/god-of-upgrade/locations/us-central1/services/claimGOU","FUNCTION_TARGET":"claimGOU","LOG_EXECUTION_ID":"true"},"ingressSettings":"ALLOW_ALL","serviceAccountEmail":"710419981185-compute@developer.gserviceaccount.com","availableMemory":"256Mi","maxInstanceRequestConcurrency":80,"availableCpu":"1"},"labels":{"deployment-tool":"cli-firebase","deployment-callable":"true","firebase-functions-hash":"9d8bab55d56c325baf54393b8e8fef179098800b"},"environment":"GEN_2"},"stages":[{"name":"ARTIFACT_REGISTRY","message":"Deleting function artifacts in Artifact Registry","state":"COMPLETE"},{"name":"SERVICE","message":"Deleting Cloud Run service","state":"COMPLETE","resource":"projects/god-of-upgrade/locations/us-central1/services/claimgou"}],"operationType":"CREATE_FUNCTION"},"done":true,"error":{"code":3,"message":"Build failed with status: FAILURE. Could not build the function due to a missing permission on the build service account. If you didn't revoke that permission explicitly, this could be caused by a change in the organization policies. Please refer to the following documentation for more details and resolution: https://cloud.google.com/functions/docs/troubleshooting#build-service-account\n You can also view the logs at https://console.cloud.google.com/cloud-build/builds;region=us-central1/091a488c-a4a7-451d-93f4-18304875d412?project=710419981185.\n"}}
[debug] [2026-06-01T08:22:14.206Z] Got source token undefined for region us-central1
[error] Build failed with status: FAILURE. Could not build the function due to a missing permission on the build service account. If you didn't revoke that permission explicitly, this could be caused by a change in the organization policies. Please refer to the following documentation for more details and resolution: https://cloud.google.com/functions/docs/troubleshooting#build-service-account
 You can also view the logs at https://console.cloud.google.com/cloud-build/builds;region=us-central1/091a488c-a4a7-451d-93f4-18304875d412?project=710419981185.

[warn] !  functions: Deploys failed. Skipping deletes. 
[debug] [2026-06-01T08:22:14.212Z] Total Function Deployment time: 48985
[debug] [2026-06-01T08:22:14.212Z] 1 Functions Deployed
[debug] [2026-06-01T08:22:14.212Z] 1 Functions Errored
[debug] [2026-06-01T08:22:14.212Z] 0 Function Deployments Aborted
[debug] [2026-06-01T08:22:14.212Z] Average Function Deployment time: 48984
[info] 
[info] Functions deploy had errors with the following functions:
	claimGOU(us-central1)
[debug] [2026-06-01T08:22:14.694Z] Checked if tokens are valid: true, expires at: 1780304924614
[debug] [2026-06-01T08:22:14.694Z] Checked if tokens are valid: true, expires at: 1780304924614
[debug] [2026-06-01T08:22:14.694Z] >>> [apiv2][query] GET https://artifactregistry.googleapis.com/v1/projects/god-of-upgrade/locations/us-central1/repositories/gcf-artifacts [none]
[debug] [2026-06-01T08:22:16.270Z] <<< [apiv2][status] GET https://artifactregistry.googleapis.com/v1/projects/god-of-upgrade/locations/us-central1/repositories/gcf-artifacts 200
[debug] [2026-06-01T08:22:16.270Z] <<< [apiv2][body] GET https://artifactregistry.googleapis.com/v1/projects/god-of-upgrade/locations/us-central1/repositories/gcf-artifacts {"name":"projects/god-of-upgrade/locations/us-central1/repositories/gcf-artifacts","format":"DOCKER","description":"This repository is created and used by Cloud Functions for storing function docker images.","labels":{"goog-managed-by":"cloudfunctions"},"createTime":"2026-06-01T08:22:13.600612Z","updateTime":"2026-06-01T08:22:13.600612Z","mode":"STANDARD_REPOSITORY","vulnerabilityScanningConfig":{"lastEnableTime":"2026-06-01T08:22:04.935421486Z","enablementState":"SCANNING_DISABLED","enablementStateReason":"API containerscanning.googleapis.com is not enabled."},"satisfiesPzi":true,"registryUri":"us-central1-docker.pkg.dev/god-of-upgrade/gcf-artifacts"}
[warn] !  functions: No cleanup policy detected for repositories in us-central1. This may result in a small monthly bill as container images accumulate over time. 
[info] i  functions: Configuring cleanup policy for repository in us-central1. Images older than 30 days will be automatically deleted. 
[debug] [2026-06-01T08:23:28.360Z] Setting up artifact cleanup policy for region us-central1
[debug] [2026-06-01T08:23:28.362Z] Checked if tokens are valid: true, expires at: 1780304924614
[debug] [2026-06-01T08:23:28.362Z] Checked if tokens are valid: true, expires at: 1780304924614
[debug] [2026-06-01T08:23:28.362Z] >>> [apiv2][query] PATCH https://artifactregistry.googleapis.com/v1/projects/god-of-upgrade/locations/us-central1/repositories/gcf-artifacts updateMask=name%2CcleanupPolicies%2CcleanupPolicyDryRun%2Clabels
[debug] [2026-06-01T08:23:28.362Z] >>> [apiv2][body] PATCH https://artifactregistry.googleapis.com/v1/projects/god-of-upgrade/locations/us-central1/repositories/gcf-artifacts {"name":"projects/god-of-upgrade/locations/us-central1/repositories/gcf-artifacts","cleanupPolicies":{"firebase-functions-cleanup":{"id":"firebase-functions-cleanup","condition":{"tagState":"ANY","olderThan":"2592000s"},"action":"DELETE"}},"cleanupPolicyDryRun":false,"labels":{"goog-managed-by":"cloudfunctions"}}
[debug] [2026-06-01T08:23:29.862Z] <<< [apiv2][status] PATCH https://artifactregistry.googleapis.com/v1/projects/god-of-upgrade/locations/us-central1/repositories/gcf-artifacts 200
[debug] [2026-06-01T08:23:29.862Z] <<< [apiv2][body] PATCH https://artifactregistry.googleapis.com/v1/projects/god-of-upgrade/locations/us-central1/repositories/gcf-artifacts {"name":"projects/god-of-upgrade/locations/us-central1/repositories/gcf-artifacts","format":"DOCKER","description":"This repository is created and used by Cloud Functions for storing function docker images.","labels":{"goog-managed-by":"cloudfunctions"},"createTime":"2026-06-01T08:22:13.600612Z","updateTime":"2026-06-01T08:24:06.332633Z","mode":"STANDARD_REPOSITORY","cleanupPolicies":{"firebase-functions-cleanup":{"id":"firebase-functions-cleanup","action":"DELETE","condition":{"tagState":"ANY","olderThan":"2592000s"}}},"vulnerabilityScanningConfig":{"lastEnableTime":"2026-06-01T08:22:04.935421486Z","enablementState":"SCANNING_DISABLED","enablementStateReason":"API containerscanning.googleapis.com is not enabled."},"satisfiesPzi":true}
[info] i  functions: Configured cleanup policy for repository in us-central1. 
[debug] [2026-06-01T08:23:29.863Z] Functions deploy failed.
[debug] [2026-06-01T08:23:29.863Z] {
  "endpoint": {
    "id": "claimGOU",
    "project": "god-of-upgrade",
    "region": "us-central1",
    "entryPoint": "claimGOU",
    "platform": "gcfv2",
    "runtime": "nodejs24",
    "callableTrigger": {},
    "labels": {
      "deployment-tool": "cli-firebase"
    },
    "serviceAccount": null,
    "ingressSettings": null,
    "availableMemoryMb": null,
    "timeoutSeconds": null,
    "maxInstances": null,
    "minInstances": null,
    "concurrency": 80,
    "vpc": null,
    "environmentVariables": {
      "FIREBASE_CONFIG": "{\"projectId\":\"god-of-upgrade\",\"storageBucket\":\"god-of-upgrade.firebasestorage.app\"}",
      "GCLOUD_PROJECT": "god-of-upgrade",
      "EVENTARC_CLOUD_EVENT_SOURCE": "projects/god-of-upgrade/locations/us-central1/services/claimGOU"
    },
    "codebase": "default",
    "cpu": 1,
    "targetedByOnly": false,
    "hash": "9d8bab55d56c325baf54393b8e8fef179098800b"
  },
  "op": "create",
  "original": {
    "name": "FirebaseError",
    "children": [],
    "exit": 1,
    "message": "Build failed with status: FAILURE. Could not build the function due to a missing permission on the build service account. If you didn't revoke that permission explicitly, this could be caused by a change in the organization policies. Please refer to the following documentation for more details and resolution: https://cloud.google.com/functions/docs/troubleshooting#build-service-account\n You can also view the logs at https://console.cloud.google.com/cloud-build/builds;region=us-central1/091a488c-a4a7-451d-93f4-18304875d412?project=710419981185.\n",
    "original": {
      "code": 3,
      "message": "Build failed with status: FAILURE. Could not build the function due to a missing permission on the build service account. If you didn't revoke that permission explicitly, this could be caused by a change in the organization policies. Please refer to the following documentation for more details and resolution: https://cloud.google.com/functions/docs/troubleshooting#build-service-account\n You can also view the logs at https://console.cloud.google.com/cloud-build/builds;region=us-central1/091a488c-a4a7-451d-93f4-18304875d412?project=710419981185.\n"
    },
    "status": 3,
    "code": 3
  }
}
[debug] [2026-06-01T08:23:30.423Z] Error: Failed to create function claimGOU in region us-central1
    at C:\Users\user\AppData\Roaming\npm\node_modules\firebase-tools\lib\deploy\functions\release\fabricator.js:332:27
    at process.processTicksAndRejections (node:internal/process/task_queues:104:5)
    at async Fabricator.createV2Function (C:\Users\user\AppData\Roaming\npm\node_modules\firebase-tools\lib\deploy\functions\release\fabricator.js:311:30)
    at async Fabricator.createEndpoint (C:\Users\user\AppData\Roaming\npm\node_modules\firebase-tools\lib\deploy\functions\release\fabricator.js:153:13)
    at async Fabricator.wrapOperation (C:\Users\user\AppData\Roaming\npm\node_modules\firebase-tools\lib\deploy\functions\release\fabricator.js:138:13)
    at async Promise.all (index 0)
    at async Promise.allSettled (index 0)
    at async Fabricator.applyPlan (C:\Users\user\AppData\Roaming\npm\node_modules\firebase-tools\lib\deploy\functions\release\fabricator.js:77:45)
    at async release (C:\Users\user\AppData\Roaming\npm\node_modules\firebase-tools\lib\deploy\functions\release\index.js:87:21)
    at async chain (C:\Users\user\AppData\Roaming\npm\node_modules\firebase-tools\lib\deploy\index.js:45:9)
[error] 
[error] Error: There was an error deploying functions
